BL51 BANKED LINKER/LOCATER V6.22                                                        06/13/2019  09:36:16  PAGE 1


BL51 BANKED LINKER/LOCATER V6.22, INVOKED BY:
D:\软件\KEIL4\KEIL4\C51\BIN\BL51.EXE main.obj, ESP8266.obj, tem.obj, ZE08.obj, LCD1602.obj TO test RAMSIZE (256)


MEMORY MODEL: SMALL WITH FLOATING POINT ARITHMETIC


INPUT MODULES INCLUDED:
  main.obj (MAIN)
  ESP8266.obj (ESP8266)
  tem.obj (TEM)
  ZE08.obj (ZE08)
  LCD1602.obj (LCD1602)
  D:\软件\KEIL4\KEIL4\C51\LIB\C51FPS.LIB (?C?FPMUL)
  D:\软件\KEIL4\KEIL4\C51\LIB\C51FPS.LIB (?C?FCAST)
  D:\软件\KEIL4\KEIL4\C51\LIB\C51FPS.LIB (?C?CASTF)
  D:\软件\KEIL4\KEIL4\C51\LIB\C51FPS.LIB (?C?FPGETOPN)
  D:\软件\KEIL4\KEIL4\C51\LIB\C51S.LIB (?C_STARTUP)
  D:\软件\KEIL4\KEIL4\C51\LIB\C51S.LIB (?C?COPY)
  D:\软件\KEIL4\KEIL4\C51\LIB\C51S.LIB (?C?CLDPTR)
  D:\软件\KEIL4\KEIL4\C51\LIB\C51S.LIB (?C?CLDOPTR)
  D:\软件\KEIL4\KEIL4\C51\LIB\C51S.LIB (?C?UIDIV)
  D:\软件\KEIL4\KEIL4\C51\LIB\C51S.LIB (?C?LNEG)
  D:\软件\KEIL4\KEIL4\C51\LIB\C51S.LIB (?C_INIT)


LINK MAP OF MODULE:  test (MAIN)


            TYPE    BASE      LENGTH    RELOCATION   SEGMENT NAME
            -----------------------------------------------------

            * * * * * * *   D A T A   M E M O R Y   * * * * * * *
            REG     0000H     0008H     ABSOLUTE     "REG BANK 0"
            DATA    0008H     0010H     UNIT         _DATA_GROUP_
            DATA    0018H     000DH     UNIT         ?DT?MAIN
            IDATA   0025H     0001H     UNIT         ?STACK

            * * * * * * *   C O D E   M E M O R Y   * * * * * * *
            CODE    0000H     0003H     ABSOLUTE     
            CODE    0003H     001EH     UNIT         ?PR?_DELAY1MS?TEM
                    0021H     0002H                  *** GAP ***
            CODE    0023H     0003H     ABSOLUTE     
            CODE    0026H     0364H     UNIT         ?C?LIB_CODE
            CODE    038AH     00DCH     UNIT         ?PR?GETZE08DATA?MAIN
            CODE    0466H     008CH     UNIT         ?C_C51STARTUP
            CODE    04F2H     0062H     UNIT         ?PR?_GETANDSENDDATA?MAIN
            CODE    0554H     0044H     UNIT         ?CO?MAIN
            CODE    0598H     0040H     UNIT         ?PR?MAIN?MAIN
            CODE    05D8H     003DH     UNIT         ?PR?_DEALTEMP?TEM
            CODE    0615H     002BH     UNIT         ?PR?DS18B20INIT?TEM
            CODE    0640H     0028H     UNIT         ?PR?_SENDARR?ESP8266
            CODE    0668H     0028H     UNIT         ?PR?_SENDARRZE08?ZE08
            CODE    0690H     0025H     UNIT         ?PR?DS18B20READBYTE?TEM
            CODE    06B5H     0024H     UNIT         ?PR?_DS18B20WRITEBYTE?TEM
            CODE    06D9H     0024H     UNIT         ?PR?GETDATA?ZE08
            CODE    06FDH     0018H     UNIT         ?PR?_SENDSTRING?ESP8266
            CODE    0715H     0016H     UNIT         ?PR?DS18B20READTEMP?TEM
BL51 BANKED LINKER/LOCATER V6.22                                                      06/13/2019  09:36:16  PAGE 2


            CODE    072BH     0016H     UNIT         ?PR?INITZE08?ZE08
            CODE    0741H     0014H     UNIT         ?PR?INITESP8266?ESP8266
            CODE    0755H     0012H     UNIT         ?C_INITSEG
            CODE    0767H     000EH     UNIT         ?PR?_SENDBYTEZE08?ZE08
            CODE    0775H     000DH     UNIT         ?PR?DELAY500MS?MAIN
            CODE    0782H     000DH     UNIT         ?PR?DELAY500MSZE08?ZE08
            CODE    078FH     000BH     UNIT         ?PR?DS18B20STARCHECK?TEM
            CODE    079AH     000BH     UNIT         ?PR?DS18B20TEMSTARTREAD?TEM
            CODE    07A5H     000AH     UNIT         ?PR?_SENDBYTE?ESP8266
            CODE    07AFH     0009H     UNIT         ?PR?DELAY640US?TEM
            CODE    07B8H     0009H     UNIT         ?PR?DELAY80US?TEM
            CODE    07C1H     0009H     UNIT         ?CO?ZE08
            CODE    07CAH     0007H     UNIT         ?PR?_US_DELAY?ESP8266
            CODE    07D1H     0007H     UNIT         ?PR?_US_DELAYZE08?ZE08



OVERLAY MAP OF MODULE:   test (MAIN)


SEGMENT                               DATA_GROUP 
  +--> CALLED SEGMENT               START    LENGTH
---------------------------------------------------
?C_C51STARTUP                       -----    -----
  +--> ?PR?MAIN?MAIN
  +--> ?C_INITSEG

?PR?MAIN?MAIN                       0008H    0004H
  +--> ?PR?DS18B20READTEMP?TEM
  +--> ?PR?_DEALTEMP?TEM
  +--> ?PR?GETDATA?ZE08
  +--> ?PR?_GETANDSENDDATA?MAIN

?PR?DS18B20READTEMP?TEM             -----    -----
  +--> ?PR?DS18B20STARCHECK?TEM
  +--> ?PR?DS18B20TEMSTARTREAD?TEM
  +--> ?PR?DS18B20READBYTE?TEM

?PR?DS18B20STARCHECK?TEM            -----    -----
  +--> ?PR?DS18B20INIT?TEM
  +--> ?PR?_DS18B20WRITEBYTE?TEM

?PR?DS18B20INIT?TEM                 000CH    0002H
  +--> ?PR?DELAY640US?TEM
  +--> ?PR?DELAY80US?TEM
  +--> ?PR?_DELAY1MS?TEM

?PR?_DS18B20WRITEBYTE?TEM           -----    -----
  +--> ?PR?_DELAY1MS?TEM

?PR?DS18B20TEMSTARTREAD?TEM         -----    -----
  +--> ?PR?DS18B20INIT?TEM
  +--> ?PR?_DS18B20WRITEBYTE?TEM

?PR?_DEALTEMP?TEM                   000CH    0004H

?PR?GETDATA?ZE08                    000CH    0009H
BL51 BANKED LINKER/LOCATER V6.22                                                      06/13/2019  09:36:16  PAGE 3


  +--> ?CO?ZE08
  +--> ?PR?INITZE08?ZE08
  +--> ?PR?_SENDARRZE08?ZE08
  +--> ?PR?DELAY500MSZE08?ZE08

?PR?_SENDARRZE08?ZE08               0015H    0003H
  +--> ?PR?_SENDBYTEZE08?ZE08
  +--> ?PR?_US_DELAYZE08?ZE08

?PR?_GETANDSENDDATA?MAIN            000CH    0008H
  +--> ?PR?INITESP8266?ESP8266
  +--> ?CO?MAIN
  +--> ?PR?_SENDSTRING?ESP8266
  +--> ?PR?DELAY500MS?MAIN
  +--> ?PR?_SENDARR?ESP8266

?PR?_SENDSTRING?ESP8266             -----    -----
  +--> ?PR?_SENDBYTE?ESP8266
  +--> ?PR?_US_DELAY?ESP8266

?PR?_SENDARR?ESP8266                0014H    0003H
  +--> ?PR?_SENDBYTE?ESP8266
  +--> ?PR?_US_DELAY?ESP8266



SYMBOL TABLE OF MODULE:  test (MAIN)

  VALUE           TYPE          NAME
  ----------------------------------

  -------         MODULE        MAIN
  C:0000H         SYMBOL        _ICE_DUMMY_
  D:0090H         PUBLIC        P1
  D:00B0H         PUBLIC        P3
  D:001AH         PUBLIC        ZE08Data
  C:0775H         PUBLIC        delay500ms
  D:00A8H         PUBLIC        IE
  D:00B8H         PUBLIC        IP
  B:0098H.0       PUBLIC        RI
  C:0598H         PUBLIC        main
  C:038AH         PUBLIC        GetZE08Data
  D:0099H         PUBLIC        SBUF
  D:0098H         PUBLIC        SCON
  D:0088H         PUBLIC        TCON
  C:04F2H         PUBLIC        _GetAndSendData
  D:0023H         PUBLIC        num
  D:00C8H         PUBLIC        T2CON
  D:0024H         PUBLIC        myID
  D:00D0H         PUBLIC        PSW
  -------         PROC          DELAY500MS
  -------         DO            
  D:0005H         SYMBOL        a
  D:0006H         SYMBOL        b
  D:0007H         SYMBOL        c
  -------         ENDDO         
  C:0775H         LINE#         10
BL51 BANKED LINKER/LOCATER V6.22                                                      06/13/2019  09:36:16  PAGE 4


  C:0775H         LINE#         11
  C:0775H         LINE#         13
  C:0777H         LINE#         14
  C:0779H         LINE#         15
  C:0781H         LINE#         16
  -------         ENDPROC       DELAY500MS
  -------         PROC          _GETANDSENDDATA
  D:0006H         SYMBOL        temp
  -------         DO            
  D:0007H         SYMBOL        i
  D:000CH         SYMBOL        n
  D:000DH         SYMBOL        arr
  -------         ENDDO         
  C:04F2H         LINE#         17
  C:04F2H         LINE#         18
  C:04F2H         LINE#         20
  C:04F5H         LINE#         22
  C:04F9H         LINE#         23
  C:04FCH         LINE#         24
  C:04FFH         LINE#         25
  C:0507H         LINE#         26
  C:050CH         LINE#         27
  C:050CH         LINE#         28
  C:050FH         LINE#         29
  C:0512H         LINE#         30
  C:0515H         LINE#         31
  C:0515H         LINE#         32
  C:0515H         LINE#         33
  C:0515H         LINE#         34
  C:051FH         LINE#         35
  C:051FH         LINE#         36
  C:0525H         LINE#         37
  C:0528H         LINE#         38
  C:0531H         LINE#         39
  C:0534H         LINE#         40
  C:053DH         LINE#         41
  C:0540H         LINE#         42
  C:054BH         LINE#         43
  -------         ENDPROC       _GETANDSENDDATA
  -------         PROC          GETZE08DATA
  C:038AH         LINE#         48
  C:039DH         LINE#         50
  C:03A3H         LINE#         51
  C:03A3H         LINE#         52
  C:03A5H         LINE#         53
  C:03ACH         LINE#         54
  C:03D8H         LINE#         55
  C:03D8H         LINE#         56
  C:03D8H         LINE#         57
  C:03E1H         LINE#         58
  C:03E1H         LINE#         59
  C:03E4H         LINE#         60
  C:03E6H         LINE#         62
  C:03E6H         LINE#         63
  C:03E6H         LINE#         64
  C:03E6H         LINE#         65
  C:03E8H         LINE#         66
BL51 BANKED LINKER/LOCATER V6.22                                                      06/13/2019  09:36:16  PAGE 5


  C:03E8H         LINE#         67
  C:03F1H         LINE#         68
  C:03F1H         LINE#         69
  C:03F4H         LINE#         70
  C:03F6H         LINE#         72
  C:03F6H         LINE#         73
  C:03F6H         LINE#         74
  C:03F6H         LINE#         75
  C:03F8H         LINE#         76
  C:03F8H         LINE#         77
  C:03FBH         LINE#         78
  C:03FDH         LINE#         79
  C:03FDH         LINE#         80
  C:0400H         LINE#         81
  C:0402H         LINE#         82
  C:0402H         LINE#         83
  C:040AH         LINE#         84
  C:040AH         LINE#         85
  C:040DH         LINE#         86
  C:040FH         LINE#         88
  C:040FH         LINE#         89
  C:040FH         LINE#         90
  C:040FH         LINE#         91
  C:0411H         LINE#         92
  C:0411H         LINE#         93
  C:0419H         LINE#         94
  C:0419H         LINE#         95
  C:041CH         LINE#         96
  C:041EH         LINE#         98
  C:041EH         LINE#         99
  C:041EH         LINE#         100
  C:041EH         LINE#         101
  C:0420H         LINE#         102
  C:0420H         LINE#         103
  C:0423H         LINE#         104
  C:0425H         LINE#         105
  C:0425H         LINE#         106
  C:0428H         LINE#         107
  C:042AH         LINE#         108
  C:042AH         LINE#         109
  C:044EH         LINE#         111
  C:044EH         LINE#         112
  C:0450H         LINE#         113
  C:0452H         LINE#         115
  C:0452H         LINE#         116
  C:0455H         LINE#         117
  C:0455H         LINE#         118
  C:0455H         LINE#         119
  C:0455H         LINE#         120
  -------         ENDPROC       GETZE08DATA
  -------         PROC          MAIN
  -------         DO            
  D:0008H         SYMBOL        temp1
  D:000AH         SYMBOL        temp
  D:0018H         SYMBOL        i
  -------         ENDDO         
  C:0598H         LINE#         122
BL51 BANKED LINKER/LOCATER V6.22                                                      06/13/2019  09:36:16  PAGE 6


  C:0598H         LINE#         123
  C:0598H         LINE#         129
  C:0598H         LINE#         130
  C:0598H         LINE#         131
  C:05A0H         LINE#         132
  C:05A7H         LINE#         133
  C:05AEH         LINE#         135
  C:05BDH         LINE#         136
  C:05BDH         LINE#         137
  C:05C0H         LINE#         138
  C:05C0H         LINE#         139
  C:05CAH         LINE#         140
  C:05CAH         LINE#         141
  C:05CFH         LINE#         142
  C:05D6H         LINE#         143
  C:05D6H         LINE#         144
  -------         ENDPROC       MAIN
  -------         ENDMOD        MAIN

  -------         MODULE        ESP8266
  C:0000H         SYMBOL        _ICE_DUMMY_
  D:0090H         PUBLIC        P1
  D:00B0H         PUBLIC        P3
  B:00A8H.7       PUBLIC        EA
  C:06FDH         PUBLIC        _SendString
  D:00A8H         PUBLIC        IE
  D:00B8H         PUBLIC        IP
  B:0098H.1       PUBLIC        TI
  C:07A5H         PUBLIC        _SendByte
  D:0099H         PUBLIC        SBUF
  D:0087H         PUBLIC        PCON
  D:0098H         PUBLIC        SCON
  D:0089H         PUBLIC        TMOD
  D:0088H         PUBLIC        TCON
  D:008DH         PUBLIC        TH1
  D:008BH         PUBLIC        TL1
  C:0640H         PUBLIC        _Sendarr
  C:0741H         PUBLIC        InitESP8266
  B:0088H.6       PUBLIC        TR1
  C:07CAH         PUBLIC        _us_delay
  D:00C8H         PUBLIC        T2CON
  D:00D0H         PUBLIC        PSW
  -------         PROC          _US_DELAY
  D:0007H         SYMBOL        t
  C:07CAH         LINE#         3
  C:07CAH         LINE#         4
  C:07CAH         LINE#         5
  C:07D0H         LINE#         6
  -------         ENDPROC       _US_DELAY
  -------         PROC          INITESP8266
  C:0741H         LINE#         8
  C:0741H         LINE#         9
  C:0741H         LINE#         10
  C:0744H         LINE#         11
  C:0747H         LINE#         12
  C:074AH         LINE#         13
  C:074DH         LINE#         14
BL51 BANKED LINKER/LOCATER V6.22                                                      06/13/2019  09:36:16  PAGE 7


  C:0750H         LINE#         15
  C:0752H         LINE#         17
  C:0754H         LINE#         18
  -------         ENDPROC       INITESP8266
  -------         PROC          _SENDBYTE
  D:0007H         SYMBOL        dat
  C:07A5H         LINE#         19
  C:07A5H         LINE#         20
  C:07A5H         LINE#         22
  C:07A7H         LINE#         23
  C:07A9H         LINE#         24
  C:07ACH         LINE#         25
  C:07AEH         LINE#         27
  -------         ENDPROC       _SENDBYTE
  -------         PROC          _SENDSTRING
  D:0001H         SYMBOL        str
  C:06FDH         LINE#         28
  C:06FDH         LINE#         29
  C:06FDH         LINE#         30
  C:0703H         LINE#         31
  C:0703H         LINE#         32
  C:0706H         LINE#         33
  C:070BH         LINE#         34
  C:0712H         LINE#         35
  C:0714H         LINE#         36
  -------         ENDPROC       _SENDSTRING
  -------         PROC          _SENDARR
  D:0014H         SYMBOL        str
  D:0005H         SYMBOL        num
  -------         DO            
  D:0004H         SYMBOL        i
  -------         ENDDO         
  C:0640H         LINE#         37
  C:0646H         LINE#         38
  C:0646H         LINE#         39
  C:0648H         LINE#         40
  C:064DH         LINE#         41
  C:064DH         LINE#         42
  C:065FH         LINE#         43
  C:0664H         LINE#         44
  C:0667H         LINE#         45
  -------         ENDPROC       _SENDARR
  -------         ENDMOD        ESP8266

  -------         MODULE        TEM
  C:0000H         SYMBOL        _ICE_DUMMY_
  D:0090H         PUBLIC        P1
  D:00A0H         PUBLIC        P2
  D:00B0H         PUBLIC        P3
  C:0003H         PUBLIC        _Delay1ms
  D:00A8H         PUBLIC        IE
  C:05D8H         PUBLIC        _DealTemp
  C:07AFH         PUBLIC        delay640us
  D:00B8H         PUBLIC        IP
  C:078FH         PUBLIC        DS18B20StarCheck
  D:0098H         PUBLIC        SCON
  D:0088H         PUBLIC        TCON
BL51 BANKED LINKER/LOCATER V6.22                                                      06/13/2019  09:36:16  PAGE 8


  B:00A0H.0       PUBLIC        led
  C:0690H         PUBLIC        DS18B20ReadByte
  C:0615H         PUBLIC        DS18B20Init
  C:0715H         PUBLIC        DS18B20ReadTemp
  C:06BEH         PUBLIC        _DS18B20WriteByte
  C:079AH         PUBLIC        DS18B20TemStartRead
  C:07B8H         PUBLIC        delay80us
  B:00B0H.7       PUBLIC        DSP
  D:00C8H         PUBLIC        T2CON
  D:00D0H         PUBLIC        PSW
  -------         PROC          _DELAY1MS
  D:0006H         SYMBOL        y
  -------         DO            
  D:0004H         SYMBOL        x
  -------         ENDDO         
  C:0003H         LINE#         3
  C:0003H         LINE#         4
  C:0003H         LINE#         6
  C:000CH         LINE#         7
  C:000CH         LINE#         8
  C:0019H         LINE#         10
  C:0020H         LINE#         11
  -------         ENDPROC       _DELAY1MS
  -------         PROC          DELAY640US
  -------         DO            
  D:0006H         SYMBOL        a
  D:0007H         SYMBOL        b
  -------         ENDDO         
  C:07AFH         LINE#         13
  C:07AFH         LINE#         14
  C:07AFH         LINE#         16
  C:07B1H         LINE#         17
  C:07B7H         LINE#         18
  -------         ENDPROC       DELAY640US
  -------         PROC          DELAY80US
  -------         DO            
  D:0006H         SYMBOL        a
  D:0007H         SYMBOL        b
  -------         ENDDO         
  C:07B8H         LINE#         19
  C:07B8H         LINE#         20
  C:07B8H         LINE#         22
  C:07BAH         LINE#         23
  C:07C0H         LINE#         24
  -------         ENDPROC       DELAY80US
  -------         PROC          DS18B20INIT
  -------         DO            
  D:000CH         SYMBOL        i
  -------         ENDDO         
  C:0615H         LINE#         25
  C:0615H         LINE#         26
  C:0615H         LINE#         28
  C:0617H         LINE#         29
  C:061AH         LINE#         30
  C:061CH         LINE#         31
  C:061FH         LINE#         32
  C:0622H         LINE#         33
BL51 BANKED LINKER/LOCATER V6.22                                                      06/13/2019  09:36:16  PAGE 9


  C:0622H         LINE#         34
  C:0629H         LINE#         35
  C:0631H         LINE#         36
  C:063AH         LINE#         37
  C:063DH         LINE#         38
  C:063DH         LINE#         39
  C:063FH         LINE#         40
  -------         ENDPROC       DS18B20INIT
  -------         PROC          L?0048
  -------         ENDPROC       L?0048
  -------         PROC          _DS18B20WRITEBYTE
  D:0007H         SYMBOL        dat
  -------         DO            
  D:0005H         SYMBOL        i
  D:0006H         SYMBOL        j
  -------         ENDDO         
  C:06BEH         LINE#         41
  C:06BEH         LINE#         42
  C:06BEH         LINE#         44
  C:06C0H         LINE#         45
  C:06C0H         LINE#         46
  C:06C2H         LINE#         47
  C:06C2H         LINE#         48
  C:06C6H         LINE#         49
  C:06C8H         LINE#         50
  C:06CEH         LINE#         51
  C:06D0H         LINE#         52
  C:06D4H         LINE#         53
  C:06D8H         LINE#         54
  -------         ENDPROC       _DS18B20WRITEBYTE
  -------         PROC          DS18B20READBYTE
  -------         DO            
  D:0005H         SYMBOL        i
  D:0007H         SYMBOL        j
  D:0006H         SYMBOL        ret
  D:0004H         SYMBOL        tmp
  -------         ENDDO         
  C:0690H         LINE#         56
  C:0690H         LINE#         57
  C:0690H         LINE#         61
  C:0692H         LINE#         62
  C:0692H         LINE#         63
  C:0694H         LINE#         64
  C:0694H         LINE#         65
  C:0696H         LINE#         66
  C:0696H         LINE#         67
  C:0696H         LINE#         68
  C:069AH         LINE#         69
  C:06A6H         LINE#         70
  C:06A8H         LINE#         71
  C:06AEH         LINE#         72
  C:06B2H         LINE#         73
  C:06B4H         LINE#         74
  -------         ENDPROC       DS18B20READBYTE
  -------         PROC          DS18B20STARCHECK
  C:078FH         LINE#         76
  C:078FH         LINE#         77
BL51 BANKED LINKER/LOCATER V6.22                                                      06/13/2019  09:36:16  PAGE 10


  C:078FH         LINE#         78
  C:0792H         LINE#         79
  C:0792H         LINE#         80
  C:0795H         LINE#         81
  -------         ENDPROC       DS18B20STARCHECK
  -------         PROC          DS18B20TEMSTARTREAD
  C:079AH         LINE#         85
  C:079AH         LINE#         86
  C:079AH         LINE#         87
  C:079DH         LINE#         88
  C:079DH         LINE#         89
  C:07A0H         LINE#         90
  -------         ENDPROC       DS18B20TEMSTARTREAD
  -------         PROC          DS18B20READTEMP
  -------         DO            
  D:0006H         SYMBOL        temp
  D:0007H         SYMBOL        tmh
  D:0003H         SYMBOL        tml
  -------         ENDDO         
  C:0715H         LINE#         94
  C:0715H         LINE#         95
  C:0715H         LINE#         96
  C:0718H         LINE#         98
  C:071BH         LINE#         99
  C:071EH         LINE#         100
  C:0723H         LINE#         101
  C:0726H         LINE#         102
  C:0726H         LINE#         103
  C:0728H         LINE#         104
  C:072AH         LINE#         105
  C:072AH         LINE#         106
  -------         ENDPROC       DS18B20READTEMP
  -------         PROC          _DEALTEMP
  D:0006H         SYMBOL        temp
  -------         DO            
  D:000CH         SYMBOL        tmp
  -------         ENDDO         
  C:05D8H         LINE#         107
  C:05D8H         LINE#         108
  C:05D8H         LINE#         110
  C:05E0H         LINE#         111
  C:05E0H         LINE#         112
  C:05E5H         LINE#         113
  C:05EBH         LINE#         114
  C:05EDH         LINE#         116
  C:05EDH         LINE#         117
  C:05EFH         LINE#         118
  C:05EFH         LINE#         119
  C:05FFH         LINE#         120
  C:0614H         LINE#         121
  C:0614H         LINE#         122
  -------         ENDPROC       _DEALTEMP
  -------         ENDMOD        TEM

  -------         MODULE        ZE08
  C:0000H         SYMBOL        _ICE_DUMMY_
  D:0090H         PUBLIC        P1
BL51 BANKED LINKER/LOCATER V6.22                                                      06/13/2019  09:36:16  PAGE 11


  D:00B0H         PUBLIC        P3
  B:00A8H.7       PUBLIC        EA
  D:00A8H         PUBLIC        IE
  C:0782H         PUBLIC        delay500msZE08
  B:00A8H.4       PUBLIC        ES
  D:00B8H         PUBLIC        IP
  B:0098H.1       PUBLIC        TI
  C:06D9H         PUBLIC        GetData
  C:072BH         PUBLIC        InitZE08
  C:0767H         PUBLIC        _SendByteZE08
  D:0099H         PUBLIC        SBUF
  D:0087H         PUBLIC        PCON
  D:0098H         PUBLIC        SCON
  D:0089H         PUBLIC        TMOD
  D:0088H         PUBLIC        TCON
  C:07C1H         SYMBOL        _?ix1000
  D:008DH         PUBLIC        TH1
  D:008BH         PUBLIC        TL1
  B:0088H.6       PUBLIC        TR1
  C:0668H         PUBLIC        _SendarrZE08
  C:07D1H         PUBLIC        _us_delayZE08
  D:00C8H         PUBLIC        T2CON
  D:00D0H         PUBLIC        PSW
  -------         PROC          DELAY500MSZE08
  -------         DO            
  D:0005H         SYMBOL        a
  D:0006H         SYMBOL        b
  D:0007H         SYMBOL        c
  -------         ENDDO         
  C:0782H         LINE#         2
  C:0782H         LINE#         3
  C:0782H         LINE#         5
  C:0784H         LINE#         6
  C:0786H         LINE#         7
  C:078EH         LINE#         9
  -------         ENDPROC       DELAY500MSZE08
  -------         PROC          _US_DELAYZE08
  D:0007H         SYMBOL        t
  C:07D1H         LINE#         10
  C:07D1H         LINE#         11
  C:07D1H         LINE#         12
  C:07D7H         LINE#         13
  -------         ENDPROC       _US_DELAYZE08
  -------         PROC          INITZE08
  C:072BH         LINE#         14
  C:072BH         LINE#         15
  C:072BH         LINE#         16
  C:072EH         LINE#         17
  C:0731H         LINE#         18
  C:0734H         LINE#         19
  C:0737H         LINE#         20
  C:073AH         LINE#         21
  C:073CH         LINE#         22
  C:073EH         LINE#         23
  C:0740H         LINE#         24
  -------         ENDPROC       INITZE08
  -------         PROC          _SENDBYTEZE08
BL51 BANKED LINKER/LOCATER V6.22                                                      06/13/2019  09:36:16  PAGE 12


  D:0007H         SYMBOL        dat
  C:0767H         LINE#         25
  C:0767H         LINE#         26
  C:0767H         LINE#         27
  C:0769H         LINE#         28
  C:076BH         LINE#         29
  C:076DH         LINE#         30
  C:0770H         LINE#         31
  C:0772H         LINE#         32
  C:0774H         LINE#         34
  -------         ENDPROC       _SENDBYTEZE08
  -------         PROC          _SENDARRZE08
  D:0015H         SYMBOL        str
  D:0005H         SYMBOL        num
  -------         DO            
  D:0004H         SYMBOL        i
  -------         ENDDO         
  C:0668H         LINE#         35
  C:066EH         LINE#         36
  C:066EH         LINE#         37
  C:0670H         LINE#         38
  C:0675H         LINE#         39
  C:0675H         LINE#         40
  C:0687H         LINE#         41
  C:068CH         LINE#         42
  C:068FH         LINE#         43
  -------         ENDPROC       _SENDARRZE08
  -------         PROC          GETDATA
  -------         DO            
  D:000CH         SYMBOL        arr
  -------         ENDDO         
  C:06D9H         LINE#         44
  C:06D9H         LINE#         45
  C:06D9H         LINE#         46
  C:06ECH         LINE#         47
  C:06EFH         LINE#         48
  C:06FAH         LINE#         49
  -------         ENDPROC       GETDATA
  -------         ENDMOD        ZE08

  -------         MODULE        LCD1602
  C:0000H         SYMBOL        _ICE_DUMMY_
  -------         ENDMOD        LCD1602

  -------         MODULE        ?C?FPMUL
  C:0026H         PUBLIC        ?C?FPMUL
  -------         ENDMOD        ?C?FPMUL

  -------         MODULE        ?C?FCAST
  C:0136H         PUBLIC        ?C?FCASTC
  C:0131H         PUBLIC        ?C?FCASTI
  C:012CH         PUBLIC        ?C?FCASTL
  -------         ENDMOD        ?C?FCAST

  -------         MODULE        ?C?CASTF
  C:016AH         PUBLIC        ?C?CASTF
  -------         ENDMOD        ?C?CASTF
BL51 BANKED LINKER/LOCATER V6.22                                                      06/13/2019  09:36:16  PAGE 13



  -------         MODULE        ?C?COPY
  C:02BBH         PUBLIC        ?C?COPY
  -------         ENDMOD        ?C?COPY

  -------         MODULE        ?C?CLDPTR
  C:02E1H         PUBLIC        ?C?CLDPTR
  -------         ENDMOD        ?C?CLDPTR

  -------         MODULE        ?C?CLDOPTR
  C:02FAH         PUBLIC        ?C?CLDOPTR
  -------         ENDMOD        ?C?CLDOPTR

  -------         MODULE        ?C?UIDIV
  C:0327H         PUBLIC        ?C?UIDIV
  -------         ENDMOD        ?C?UIDIV

  -------         MODULE        ?C?LNEG
  C:037CH         PUBLIC        ?C?LNEG
  -------         ENDMOD        ?C?LNEG

Program Size: data=38.0 xdata=0 code=2006
LINK/LOCATE RUN COMPLETE.  0 WARNING(S),  0 ERROR(S)
